=============================================================================
              START                                 
1595268125
=============================================================================
1
1
/scratch
/opt/pp
/opt/pwscf_cache
/opt/qe/bin/pw.x
/opt/qe/bin/pw.sh

Filesystem                       Size  Used Avail Use% Mounted on
udev                             7.8G     0  7.8G   0% /dev
tmpfs                            1.6G  3.3M  1.6G   1% /run
/dev/sdd4                        185G  121G   56G  69% /
tmpfs                            7.9G  292M  7.6G   4% /dev/shm
tmpfs                            5.0M  4.0K  5.0M   1% /run/lock
tmpfs                            7.9G     0  7.9G   0% /sys/fs/cgroup
/dev/sdb1                        220G  104G  105G  50% /DATA/disk1
/dev/sdd3                        524M  6.1M  518M   2% /boot/efi
/dev/sda                         916G  817G   54G  94% /DATA/disk3
/dev/sdc                         230G  193G   26G  89% /DATA/disk2
//10.10.10.20/ve                 7.3T  6.8T  501G  94% /ve_old
10.10.10.20:/DATA/backup         1.8T  1.2T  530G  70% /NET/backup
10.10.10.38:/var/www              20G   16G  3.4G  82% /www
10.10.10.13:/DATA/nas02          7.3T  6.1T  1.3T  83% /NET/nas02
10.10.10.11:/DATA/nas01           11T  7.5T  3.5T  69% /NET/nas01
10.10.10.20:/DATA/store2         7.3T  6.3T  577G  92% /NET/store2
10.10.10.20:/DATA/cloud          1.8T  1.2T  534G  70% /cloud
10.10.10.20:/DATA/backup/ve      1.8T  1.2T  530G  70% /ve
10.10.10.20:/DATA/cloud/Scripts  1.8T  1.2T  534G  70% /NET/scripts
10.10.10.20:/DATA/store1         7.3T  6.4T  501G  93% /NET/store1
10.10.10.20:/DATA/store1/blogs   7.3T  6.4T  501G  93% /NET/blogs
tmpfs                            1.6G  236K  1.6G   1% /run/user/1000
10.10.10.20:/DATA/store1/ve      7.3T  6.8T  501G  94% /ve_old
10.10.10.11:/DATA/cloud           11T  7.5T  3.5T  69% /NET/cloud_backup
/dev/sdd2                        4.6G   56M  4.3G   2% /media/ben/87fb4e2f-0a23-4ff8-a3e1-4bab6dc1ecb5
Architecture:        x86_64
CPU op-mode(s):      32-bit, 64-bit
Byte Order:          Little Endian
CPU(s):              12
On-line CPU(s) list: 0-11
Thread(s) per core:  2
Core(s) per socket:  6
Socket(s):           1
NUMA node(s):        1
Vendor ID:           AuthenticAMD
CPU family:          23
Model:               113
Model name:          AMD Ryzen 5 3600 6-Core Processor
Stepping:            0
CPU MHz:             3849.806
BogoMIPS:            7199.99
Virtualisation:      AMD-V
L1d cache:           32K
L1i cache:           32K
L2 cache:            512K
L3 cache:            16384K
NUMA node0 CPU(s):   0-11
Flags:               fpu vme de pse tsc msr pae mce cx8 apic sep mtrr pge mca cmov pat pse36 clflush mmx fxsr sse sse2 ht syscall nx mmxext fxsr_opt pdpe1gb rdtscp lm constant_tsc rep_good nopl xtopology nonstop_tsc cpuid extd_apicid aperfmperf pni pclmulqdq monitor ssse3 fma cx16 sse4_1 sse4_2 movbe popcnt aes xsave avx f16c rdrand lahf_lm cmp_legacy svm extapic cr8_legacy abm sse4a misalignsse 3dnowprefetch osvw ibs skinit wdt tce topoext perfctr_core perfctr_nb bpext perfctr_llc mwaitx cpb cat_l3 cdp_l3 hw_pstate sme ssbd ibpb stibp vmmcall fsgsbase bmi1 avx2 smep bmi2 cqm rdt_a rdseed adx smap clflushopt clwb sha_ni xsaveopt xsavec xgetbv1 xsaves cqm_llc cqm_occup_llc cqm_mbm_total cqm_mbm_local clzero irperf xsaveerptr arat npt lbrv svm_lock nrip_save tsc_scale vmcb_clean flushbyasid decodeassists pausefilter pfthreshold avic v_vmsave_vmload vgif umip rdpid overflow_recov succor smca
              total        used        free      shared  buff/cache   available
Mem:            15G         13G        796M        384M        1.4G        1.5G
Swap:           29G         17G         12G
=============================================================================
1
wd/configs/1/config_0001.in
wd/configs/1/config_0001.out
=============================================================================
              RUNNING                                 
=============================================================================
Filesystem                       Size  Used Avail Use% Mounted on
udev                             7.8G     0  7.8G   0% /dev
tmpfs                            1.6G  3.3M  1.6G   1% /run
/dev/sdd4                        185G  121G   56G  69% /
tmpfs                            7.9G  293M  7.6G   4% /dev/shm
tmpfs                            5.0M  4.0K  5.0M   1% /run/lock
tmpfs                            7.9G     0  7.9G   0% /sys/fs/cgroup
/dev/sdb1                        220G  104G  105G  50% /DATA/disk1
/dev/sdd3                        524M  6.1M  518M   2% /boot/efi
/dev/sda                         916G  817G   54G  94% /DATA/disk3
/dev/sdc                         230G  193G   26G  89% /DATA/disk2
//10.10.10.20/ve                 7.3T  6.8T  501G  94% /ve_old
10.10.10.20:/DATA/backup         1.8T  1.2T  530G  70% /NET/backup
10.10.10.38:/var/www              20G   16G  3.4G  82% /www
10.10.10.13:/DATA/nas02          7.3T  6.1T  1.3T  83% /NET/nas02
10.10.10.11:/DATA/nas01           11T  7.5T  3.5T  69% /NET/nas01
10.10.10.20:/DATA/store2         7.3T  6.3T  577G  92% /NET/store2
10.10.10.20:/DATA/cloud          1.8T  1.2T  534G  70% /cloud
10.10.10.20:/DATA/backup/ve      1.8T  1.2T  530G  70% /ve
10.10.10.20:/DATA/cloud/Scripts  1.8T  1.2T  534G  70% /NET/scripts
10.10.10.20:/DATA/store1         7.3T  6.4T  501G  93% /NET/store1
10.10.10.20:/DATA/store1/blogs   7.3T  6.4T  501G  93% /NET/blogs
tmpfs                            1.6G  244K  1.6G   1% /run/user/1000
10.10.10.20:/DATA/store1/ve      7.3T  6.8T  501G  94% /ve_old
10.10.10.11:/DATA/cloud           11T  7.5T  3.5T  69% /NET/cloud_backup
/dev/sdd2                        4.6G   56M  4.3G   2% /media/ben/87fb4e2f-0a23-4ff8-a3e1-4bab6dc1ecb5
=============================================================================
              END                                 
1595268125
=============================================================================
=============================================================================
              START                                 
1595268442
=============================================================================
1
1
